GAMS 37.1.0  r07954d5 Released Nov 11, 2021 DEX-DEG x86 64bit/Mac OS X - 01/27/22 14:49:33 Page 1
G e n e r a l   A l g e b r a i c   M o d e l i n g   S y s t e m
C o m p i l a t i o n


   1  <template>
****  $409
**** 409  Unrecognizable item - skip to find a new statement
****        looking for a ';' or a key word to get started again
   2    <v-app>
   3      <v-app-bar
   4        app
   5        color="primary"
   6        dark
   7      >
   8        <div class="d-flex align-center">
   9          <v-img
  10            alt="Vuetify Logo"
  11            class="shrink mr-2"
  12            contain
  13            src="https://cdn.vuetifyjs.com/images/logos/vuetify-logo-dark.png"
  14            transition="scale-transition"
  15            width="40"
  16          />
  17   
  18          <v-img
  19            alt="Vuetify Name"
  20            class="shrink mt-1 hidden-sm-and-down"
  21            contain
  22            min-width="100"
  23            src="https://cdn.vuetifyjs.com/images/logos/vuetify-name-dark.png"
  24            width="100"
  25          />
  26        </div>
  27   
  28        <v-spacer></v-spacer>
  29   
  30        <v-btn
  31          href="https://github.com/vuetifyjs/vuetify/releases/latest"
  32          target="_blank"
  33          text
  34        >
  35          <span class="mr-2">Latest Release</span>
  36          <v-icon>mdi-open-in-new</v-icon>
  37        </v-btn>
  38      </v-app-bar>
  39   
  40      <v-main>
  41        <Table :data="data"/>
****               $2   $96   $235
****   2  Identifier expected
****  96  Blank needed between identifier and text
****        (-or- illegal character in identifier)
****        (-or- check for missing ';' on previous line)
**** 235  Table text terminated with illegal character '/'
  42      </v-main>
****  $461
**** 461  Cannot have empty data statement without knowing dimension
  43    </v-app>
  44  </template>
  45   
  46  <script>
  47  import Table from './components/table';
****                                       $461
**** 461  Cannot have empty data statement without knowing dimension
  48  import {tidy,pivotWider} from '@tidyjs/tidy'
****       $140  $120       $120  $36
****  36  '=' or '..' or ':=' or '$=' operator expected
****      rest of statement ignored
**** 120  Unknown identifier entered as set
**** 140  Unknown symbol
  49   
  50  export default {
  51    name: 'App',
  52   
  53    components: {
  54      Table,
****           $2
****   2  Identifier expected
  55    },
  56   
  57    data: () => ({
****        $96      $194
****  96  Blank needed between identifier and text
****        (-or- illegal character in identifier)
****        (-or- check for missing ';' on previous line)
**** 194  Symbol redefined - a second data statement for the same symbol
****         or a data statement after an assignment
****         Hint: You could use $onMulti to merge the data from different
****               data statements or $onMultiR to replace existing data
****               with data from a later data statement
  58      data: [],
****             $338
**** 338  Unique element expected - symbol was not an element
****         and the following text will be skipped until a proper
****         symbol is found to recover. Remember that an UNQUOTED
****         element has to start with a letter or digit
****         followed by letters, digits, '+', '-' or '_'. The length
****         is limited to 63 characters. The following words are
****         reserved (starting symbols of a GAMS statement) and cannot
****         be used for UNQUOTED set elements:
****     
****            ABORT, ACRONYM(S), ALIAS, BINARY, DISPLAY, ELSE
****            EQUATION(S), EXECUTE, FILE(S), FOR, FREE, IF, INTEGER, LOOP
****            MODEL(S), NEGATIVE, OPTION(S), PARAMETER(S)
****            POSITIVE, PROCEDURE(S), PUT, PUTCLEAR, PUTCLOSE, PUTHD
****            PUTPAGE, PUTTL, SCALAR(S), SEMICONT, SET(S), SOS1, SOS2
****            TABLE, VARIABLE(S), WHILE
****     
****         QUOTED elements can contain any character. Single and
****         double quotes can be used (starting and ending quote have
****         to match).
  59      toIgnore: ["_id", "_rev", "scenario", "revision", "batch_name"]
****                                                                    $768,161
**** 161  Conflicting dimensions in element
**** 768  Matching ':' and unordered sets may create unexpected results
  60    }),
****    $768,338
**** 338  Unique element expected - symbol was not an element
****         and the following text will be skipped until a proper
****         symbol is found to recover. Remember that an UNQUOTED
****         element has to start with a letter or digit
****         followed by letters, digits, '+', '-' or '_'. The length
****         is limited to 63 characters. The following words are
****         reserved (starting symbols of a GAMS statement) and cannot
****         be used for UNQUOTED set elements:
****     
****            ABORT, ACRONYM(S), ALIAS, BINARY, DISPLAY, ELSE
****            EQUATION(S), EXECUTE, FILE(S), FOR, FREE, IF, INTEGER, LOOP
****            MODEL(S), NEGATIVE, OPTION(S), PARAMETER(S)
****            POSITIVE, PROCEDURE(S), PUT, PUTCLEAR, PUTCLOSE, PUTHD
****            PUTPAGE, PUTTL, SCALAR(S), SEMICONT, SET(S), SOS1, SOS2
****            TABLE, VARIABLE(S), WHILE
****     
****         QUOTED elements can contain any character. Single and
****         double quotes can be used (starting and ending quote have
****         to match).
**** 768  Matching ':' and unordered sets may create unexpected results
  61   
  62    async mounted() {
****        $221    $221,338,8,221
****   8  ')' expected
**** 221  Total overlapping column ignored
**** 338  Unique element expected - symbol was not an element
****         and the following text will be skipped until a proper
****         symbol is found to recover. Remember that an UNQUOTED
****         element has to start with a letter or digit
****         followed by letters, digits, '+', '-' or '_'. The length
****         is limited to 63 characters. The following words are
****         reserved (starting symbols of a GAMS statement) and cannot
****         be used for UNQUOTED set elements:
****     
****            ABORT, ACRONYM(S), ALIAS, BINARY, DISPLAY, ELSE
****            EQUATION(S), EXECUTE, FILE(S), FOR, FREE, IF, INTEGER, LOOP
****            MODEL(S), NEGATIVE, OPTION(S), PARAMETER(S)
****            POSITIVE, PROCEDURE(S), PUT, PUTCLEAR, PUTCLOSE, PUTHD
****            PUTPAGE, PUTTL, SCALAR(S), SEMICONT, SET(S), SOS1, SOS2
****            TABLE, VARIABLE(S), WHILE
****     
****         QUOTED elements can contain any character. Single and
****         double quotes can be used (starting and ending quote have
****         to match).
  63      const {rows} = await fetch("https://fruchtfolge.agp.uni-bonn.de/db/farmdyn_qm/_all_docs?include_docs=true").then((res) => res.json())
****          $223  $690,409
**** 223  Overlapping row name
**** 409  Unrecognizable item - skip to find a new statement
****        looking for a ';' or a key word to get started again
**** 690  Constant evaluation: UNKNOWN_IDENT
  64      const data = rows.map(r => r.doc).reduce((arr, obj) => {
  65        const keys = Object.keys(obj);
  66        const variables = keys.filter((k) => !this.toIgnore.includes(k));
****            $140      $36,2         $142,185,120,97
****   2  Identifier expected
****  36  '=' or '..' or ':=' or '$=' operator expected
****      rest of statement ignored
****  97  Explanatory text can not start with '$', '=', or '..'
****        (-or- check for missing ';' on previous line)
**** 120  Unknown identifier entered as set
**** 140  Unknown symbol
**** 142  No suffix allowed here - suffix ignored
**** 185  Set identifier or '*' expected
  67        variables.forEach((v) => {
****                 $2       $185,120,97
****   2  Identifier expected
****  97  Explanatory text can not start with '$', '=', or '..'
****        (-or- check for missing ';' on previous line)
**** 120  Unknown identifier entered as set
**** 185  Set identifier or '*' expected
  68          arr.push({
****                 $142,185
**** 142  No suffix allowed here - suffix ignored
**** 185  Set identifier or '*' expected
  69            revision: obj.revision,
****                   $120,10,185   $120
****  10  ',' expected
**** 120  Unknown identifier entered as set
**** 185  Set identifier or '*' expected
  70            batch_name: obj["batch_name"],
****                     $120,10,185,10,185$10,185
****  10  ',' expected
**** 120  Unknown identifier entered as set
**** 185  Set identifier or '*' expected
  71            scenario: obj.scenario,
****                    $96
****  96  Blank needed between identifier and text
****        (-or- illegal character in identifier)
****        (-or- check for missing ';' on previous line)
  72            variable: v,
****                   $2,2,195
****   2  Identifier expected
**** 195  Symbol redefined with a different type
  73            value: obj[v]
****                 $96
****  96  Blank needed between identifier and text
****        (-or- illegal character in identifier)
****        (-or- check for missing ';' on previous line)
  74          });
****          $408,408
**** 408  Too many ),] or }
  75        });
****        $408,408
**** 408  Too many ),] or }
  76        return arr;
****             $140$36
****  36  '=' or '..' or ':=' or '$=' operator expected
****      rest of statement ignored
**** 140  Unknown symbol
  77      }, [])
****      $408,409
**** 408  Too many ),] or }
**** 409  Unrecognizable item - skip to find a new statement
****        looking for a ';' or a key word to get started again
  78      console.log(data)
  79   
  80      // pivot wider
  81      this.data = tidy(
  82        data,
  83        pivotWider({
  84          namesFrom: "revision",
  85          valuesFrom: "value"
  86        })
  87      )
  88      console.log(this.data)
  89   
  90    }
  91  };
  92  </script>
****  $409
**** 409  Unrecognizable item - skip to find a new statement
****        looking for a ';' or a key word to get started again

**** LIST OF STRAY NAMES - CHECK DECLARATIONS FOR SPURIOUS COMMAS
**** STRAY NAME scenario OF TYPE VAR  
**** STRAY NAME value OF TYPE VAR  

**** 62 ERROR(S)   2 WARNING(S)


COMPILATION TIME     =        0.023 SECONDS      3 MB  37.1.0 r07954d5 DEX-DEG


USER: Econ. Modelling of Agricultural Systems Group  S210413|0002AN-GEN
      University of Bonn, Institute for Agricultural Policy     DCE1304
      License for teaching and research at degree granting institutions


**** FILE SUMMARY

Input      /Users/toffi1/UniCloud/Programmieren/farmdyn-qm-client/src/App.vue
Output     /Users/toffi1/UniCloud/Programmieren/farmdyn-qm-client/src/App.lst

**** USER ERROR(S) ENCOUNTERED
